2026-08-20 01:59:05,271 - INFO - Starting downloader for yh_am_in
2026-08-20 01:59:05,271 - INFO - Checking available archives...
2026-08-20 01:59:05,905 - INFO - Downloading 2024-11...
2026-08-20 01:59:06,958 - INFO - Downloading 2024-12...
2026-08-20 01:59:09,067 - INFO - Downloading 2025-01...
2026-08-20 01:59:10,796 - INFO - Downloading 2025-02...
2026-08-20 01:59:12,191 - INFO - Downloading 2025-03...
2026-08-20 01:59:14,238 - INFO - Downloading 2025-04...
2026-08-20 01:59:16,168 - INFO - Downloading 2025-05...
2026-08-20 01:59:17,534 - INFO - Downloading 2025-06...
2026-08-20 01:59:19,490 - INFO - Downloading 2025-07...
2026-08-20 01:59:21,397 - INFO - Downloading 2025-08...
2026-08-20 01:59:23,483 - INFO - Downloading 2025-09...
2026-08-20 01:59:25,628 - INFO - Downloading 2025-10...
2026-08-20 01:59:27,562 - INFO - Downloading 2025-11...
2026-08-20 01:59:28,815 - INFO - Downloading 2025-12...
2026-08-20 01:59:30,348 - INFO - Downloading 2026-01...
2026-08-20 01:59:32,199 - INFO - Downloading 2026-02...
2026-08-20 01:59:33,710 - INFO - Downloading 2026-03...
2026-08-20 01:59:35,866 - INFO - Downloading 2026-04...
2026-08-20 01:59:37,350 - INFO - Downloading 2026-05...
2026-08-20 01:59:39,282 - INFO - Downloading 2026-06...
2026-08-20 01:59:41,004 - INFO - Downloading 2026-07...
2026-08-20 01:59:42,572 - INFO - Downloading 2026-08...
2026-08-20 01:59:43,821 - INFO - Processing 22 raw PGN files...
2026-08-20 02:00:29,199 - INFO - Extracted 10994 games.
2026-08-20 02:00:29,935 - INFO - Saved structured dataset to W:\Mobile Application\Yeamin Chess Bot\chess-data\data\processed\games.csv
